// Jest Snapshot v1, https://goo.gl/fbAQLP

exports[`Error renders correctly 1`] = `
<View
  style={
    Object {
      "alignItems": "center",
      "backgroundColor": "rgba(255, 255, 255, 1)",
      "flexBasis": "0%",
      "flexGrow": 1,
      "flexShrink": 1,
      "justifyContent": "center",
    }
  }
>
  <Text
    style={
      Object {
        "color": "rgba(229, 62, 62, 1)",
        "fontSize": 18,
      }
    }
  >
    mock error
  </Text>
</View>
`;
