// Jest Snapshot v1, https://goo.gl/fbAQLP

exports[`Loading renders correctly 1`] = `
<View
  style={
    Object {
      "alignItems": "center",
      "backgroundColor": "rgba(255, 255, 255, 1)",
      "flexBasis": "0%",
      "flexGrow": 1,
      "flexShrink": 1,
      "justifyContent": "center",
    }
  }
>
  <ActivityIndicator
    animating={true}
    color="#42a5f5"
    hidesWhenStopped={true}
    size="large"
  />
</View>
`;
